---
source: src/tests/e2e/cases.rs
assertion_line: 2683
expression: last_snapshot
---
 Zellij (e2e-test)  Tab #1  Tab #2  Tab #3  Tab #4  Tab #5  Tab #6                                  BASE 
┌ Pane #1 ─────────────────────────────────────────────────────────────────────────────────────────────────────────────┐
│$ █                                                                                                                   │
│                                                                                                                      │
│                                                                                                                      │
│                                                                                                                      │
└──────────────────────────────────────────────────────────────────────────────────────────────────────────────────────┘
┌ Pane #2 ─────────────────────────────────────────────────────────────────────────────────────────────────────────────┐
│$                                                                                                                     │
│                                                                                                                      │
│                                                                                                                      │
└──────────────────────────────────────────────────────────────────────────────────────────────────────────────────────┘
┌ Pane #3 ─────────────────────────────────────────────────────────────────────────────────────────────────────────────┐
│$                                                                                                                     │
│                                                                                                                      │
│                                                                                                                      │
└──────────────────────────────────────────────────────────────────────────────────────────────────────────────────────┘
┌ Pane #4 ─────────────────────────────────────────────────────────────────────────────────────────────────────────────┐
│$                                                                                                                     │
│                                                                                                                      │
│                                                                                                                      │
└──────────────────────────────────────────────────────────────────────────────────────────────────────────────────────┘
 Ctrl + <t> TAB                                                                                              BASE 
 Tip: UNBOUND => open new pane. UNBOUND => navigate between panes. UNBOUND => increase/decrease pane size.              
