---
source: src/tests/e2e/cases.rs
assertion_line: 2630
expression: last_snapshot
---
 Zellij (e2e-test)  First Tab  Cool Name                                                                    BASE 
┌ Pane #1 ─────────────────────────────────────────────────────────────────────────────────────────────────────────────┐
│$ █                                                                                                                   │
│                                                                                                                      │
│                                                                                                                      │
│                                                                                                                      │
│                                                                                                                      │
│                                                                                                                      │
│                                                                                                                      │
│                                                                                                                      │
│                                                                                                                      │
└──────────────────────────────────────────────────────────────────────────────────────────────────────────────────────┘
┌ Pane #2 ─────────────────────────────────────────────────────────────────────────────────────────────────────────────┐
│$                                                                                                                     │
│                                                                                                                      │
│                                                                                                                      │
│                                                                                                                      │
│                                                                                                                      │
│                                                                                                                      │
│                                                                                                                      │
│                                                                                                                      │
└──────────────────────────────────────────────────────────────────────────────────────────────────────────────────────┘
 Ctrl + <t> TAB                                                                                              BASE 
 Tip: UNBOUND => open new pane. UNBOUND => navigate between panes. UNBOUND => increase/decrease pane size.              
